[0m15:36:47.999043 [debug] [MainThread]: Sending event: {'category': 'dbt', 'action': 'invocation', 'label': 'start', 'context': [<snowplow_tracker.self_describing_json.SelfDescribingJson object at 0x0000025A26B03620>, <snowplow_tracker.self_describing_json.SelfDescribingJson object at 0x0000025A27F47D90>, <snowplow_tracker.self_describing_json.SelfDescribingJson object at 0x0000025A27F47B10>]}


============================== 15:36:48.003595 | c7ebb8c1-428c-45e6-bf9f-d1c361b3cc76 ==============================
[0m15:36:48.003595 [info ] [MainThread]: Running with dbt=1.11.2
[0m15:36:48.004342 [debug] [MainThread]: running dbt with arguments {'static_parser': 'True', 'no_print': 'None', 'version_check': 'True', 'warn_error_options': 'WarnErrorOptionsV2(error=[], warn=[], silence=[])', 'target_path': 'None', 'printer_width': '80', 'write_json': 'True', 'introspect': 'True', 'log_cache_events': 'False', 'empty': 'None', 'cache_selected_only': 'False', 'fail_fast': 'False', 'debug': 'False', 'log_format': 'default', 'partial_parse': 'True', 'send_anonymous_usage_stats': 'True', 'quiet': 'False', 'warn_error': 'None', 'profiles_dir': 'C:\\Users\\FERN\\.dbt', 'invocation_command': 'dbt init --skip-profile-setup airbnb', 'indirect_selection': 'eager', 'use_colors': 'True', 'use_experimental_parser': 'False', 'log_path': 'logs'}
[0m15:36:48.081315 [debug] [MainThread]: Starter project path: C:\Users\FERN\Documents\Study\dbt\s606\course\.venv\Lib\site-packages\dbt\include\starter_project
[0m15:36:48.105359 [info ] [MainThread]: 
Your new dbt project "airbnb" was created!

For more information on how to configure the profiles.yml file,
please consult the dbt documentation here:

  https://docs.getdbt.com/docs/configure-your-profile

One more thing:

Need help? Don't hesitate to reach out to us via GitHub issues or on Slack:

  https://community.getdbt.com/

Happy modeling!

[0m15:36:48.107003 [debug] [MainThread]: Command `dbt init` succeeded at 15:36:48.106579 after 0.26 seconds
[0m15:36:48.107559 [debug] [MainThread]: Sending event: {'category': 'dbt', 'action': 'invocation', 'label': 'end', 'context': [<snowplow_tracker.self_describing_json.SelfDescribingJson object at 0x0000025A290C8510>, <snowplow_tracker.self_describing_json.SelfDescribingJson object at 0x0000025A29124CB0>, <snowplow_tracker.self_describing_json.SelfDescribingJson object at 0x0000025A27DEABE0>]}
[0m15:36:48.108090 [debug] [MainThread]: Flushing usage events
[0m15:36:49.571676 [debug] [MainThread]: An error was encountered while trying to flush usage events
[0m15:38:05.840674 [debug] [MainThread]: Sending event: {'category': 'dbt', 'action': 'invocation', 'label': 'start', 'context': [<snowplow_tracker.self_describing_json.SelfDescribingJson object at 0x0000027EA4023620>, <snowplow_tracker.self_describing_json.SelfDescribingJson object at 0x0000027EA5453D90>, <snowplow_tracker.self_describing_json.SelfDescribingJson object at 0x0000027EA5453B10>]}


============================== 15:38:05.845468 | 4cf28522-d577-474e-8fa5-02a92e0e48ce ==============================
[0m15:38:05.845468 [info ] [MainThread]: Running with dbt=1.11.2
[0m15:38:05.846267 [debug] [MainThread]: running dbt with arguments {'version_check': 'True', 'no_print': 'None', 'static_parser': 'True', 'target_path': 'None', 'warn_error_options': 'WarnErrorOptionsV2(error=[], warn=[], silence=[])', 'printer_width': '80', 'write_json': 'True', 'empty': 'None', 'log_cache_events': 'False', 'introspect': 'True', 'cache_selected_only': 'False', 'log_format': 'default', 'debug': 'False', 'fail_fast': 'False', 'partial_parse': 'True', 'send_anonymous_usage_stats': 'True', 'quiet': 'False', 'warn_error': 'None', 'profiles_dir': 'C:\\Users\\FERN\\.dbt', 'indirect_selection': 'eager', 'use_colors': 'True', 'invocation_command': 'dbt debug', 'use_experimental_parser': 'False', 'log_path': 'logs'}
[0m15:38:05.868483 [info ] [MainThread]: dbt version: 1.11.2
[0m15:38:05.869315 [info ] [MainThread]: python version: 3.13.9
[0m15:38:05.869752 [info ] [MainThread]: python path: C:\Users\FERN\Documents\Study\dbt\s606\course\.venv\Scripts\python.exe
[0m15:38:05.870199 [info ] [MainThread]: os info: Windows-11-10.0.26100-SP0
[0m15:38:05.876021 [info ] [MainThread]: Error importing adapter: No module named 'dbt.adapters.postgres'
[0m15:38:05.879852 [info ] [MainThread]: Error importing adapter: No module named 'dbt.adapters.databricks'
[0m15:38:05.880408 [info ] [MainThread]: Using profiles dir at C:\Users\FERN\.dbt
[0m15:38:05.880803 [info ] [MainThread]: Using profiles.yml file at C:\Users\FERN\.dbt\profiles.yml
[0m15:38:05.881302 [info ] [MainThread]: Using dbt_project.yml file at C:\Users\FERN\Documents\Study\dbt\s606\course\dbt_project.yml
[0m15:38:05.881835 [info ] [MainThread]: Configuration:
[0m15:38:05.882339 [info ] [MainThread]:   profiles.yml file [[31mERROR invalid[0m]
[0m15:38:05.882824 [info ] [MainThread]:   dbt_project.yml file [[31mERROR not found[0m]
[0m15:38:05.883212 [info ] [MainThread]: Required dependencies:
[0m15:38:05.883886 [debug] [MainThread]: Executing "git --help"
[0m15:38:05.915716 [debug] [MainThread]: STDOUT: "b"usage: git [-v | --version] [-h | --help] [-C <path>] [-c <name>=<value>]\n           [--exec-path[=<path>]] [--html-path] [--man-path] [--info-path]\n           [-p | --paginate | -P | --no-pager] [--no-replace-objects] [--no-lazy-fetch]\n           [--no-optional-locks] [--no-advice] [--bare] [--git-dir=<path>]\n           [--work-tree=<path>] [--namespace=<name>] [--config-env=<name>=<envvar>]\n           <command> [<args>]\n\nThese are common Git commands used in various situations:\n\nstart a working area (see also: git help tutorial)\n   clone      Clone a repository into a new directory\n   init       Create an empty Git repository or reinitialize an existing one\n\nwork on the current change (see also: git help everyday)\n   add        Add file contents to the index\n   mv         Move or rename a file, a directory, or a symlink\n   restore    Restore working tree files\n   rm         Remove files from the working tree and from the index\n\nexamine the history and state (see also: git help revisions)\n   bisect     Use binary search to find the commit that introduced a bug\n   diff       Show changes between commits, commit and working tree, etc\n   grep       Print lines matching a pattern\n   log        Show commit logs\n   show       Show various types of objects\n   status     Show the working tree status\n\ngrow, mark and tweak your common history\n   backfill   Download missing objects in a partial clone\n   branch     List, create, or delete branches\n   commit     Record changes to the repository\n   merge      Join two or more development histories together\n   rebase     Reapply commits on top of another base tip\n   reset      Reset current HEAD to the specified state\n   switch     Switch branches\n   tag        Create, list, delete or verify a tag object signed with GPG\n\ncollaborate (see also: git help workflows)\n   fetch      Download objects and refs from another repository\n   pull       Fetch from and integrate with another repository or a local branch\n   push       Update remote refs along with associated objects\n\n'git help -a' and 'git help -g' list available subcommands and some\nconcept guides. See 'git help <command>' or 'git help <concept>'\nto read about a specific subcommand or concept.\nSee 'git help git' for an overview of the system.\n""
[0m15:38:05.916241 [debug] [MainThread]: STDERR: "b''"
[0m15:38:05.916661 [info ] [MainThread]:  - git [[32mOK found[0m]

[0m15:38:05.917086 [info ] [MainThread]: Connection test skipped since no profile was found
[0m15:38:05.917781 [info ] [MainThread]: [31m2 checks failed:[0m
[0m15:38:05.918331 [info ] [MainThread]: Could not load dbt_project.yml
Profile loading failed for the following reason:
Runtime Error
  Credentials in profile "dbtproject", target "dev" invalid: Runtime Error
    Could not find adapter type postgres!

Runtime Error
  Credentials in profile "jaffle_shop", target "dev" invalid: Runtime Error
    Could not find adapter type databricks!


[0m15:38:05.918897 [info ] [MainThread]: Project loading failed for the following reason:
 project path <C:\Users\FERN\Documents\Study\dbt\s606\course\dbt_project.yml> not found

[0m15:38:05.919908 [debug] [MainThread]: Command `dbt debug` failed at 15:38:05.919757 after 0.21 seconds
[0m15:38:05.920404 [debug] [MainThread]: Sending event: {'category': 'dbt', 'action': 'invocation', 'label': 'end', 'context': [<snowplow_tracker.self_describing_json.SelfDescribingJson object at 0x0000027EA538EFD0>, <snowplow_tracker.self_describing_json.SelfDescribingJson object at 0x0000027EA54EC290>, <snowplow_tracker.self_describing_json.SelfDescribingJson object at 0x0000027EA52FB240>]}
[0m15:38:05.921193 [debug] [MainThread]: Flushing usage events
[0m15:38:07.341727 [debug] [MainThread]: An error was encountered while trying to flush usage events
[0m20:03:57.786309 [debug] [MainThread]: Sending event: {'category': 'dbt', 'action': 'invocation', 'label': 'start', 'context': [<snowplow_tracker.self_describing_json.SelfDescribingJson object at 0x000002C418643620>, <snowplow_tracker.self_describing_json.SelfDescribingJson object at 0x000002C419A7FD90>, <snowplow_tracker.self_describing_json.SelfDescribingJson object at 0x000002C419A7FB10>]}


============================== 20:03:57.792408 | 138f0e50-a7e4-445b-9885-b92a851d92c8 ==============================
[0m20:03:57.792408 [info ] [MainThread]: Running with dbt=1.11.2
[0m20:03:57.793204 [debug] [MainThread]: running dbt with arguments {'version_check': 'True', 'no_print': 'None', 'static_parser': 'True', 'target_path': 'None', 'warn_error_options': 'WarnErrorOptionsV2(error=[], warn=[], silence=[])', 'printer_width': '80', 'write_json': 'True', 'empty': 'False', 'log_cache_events': 'False', 'introspect': 'True', 'cache_selected_only': 'False', 'log_format': 'default', 'debug': 'False', 'fail_fast': 'False', 'partial_parse': 'True', 'send_anonymous_usage_stats': 'True', 'quiet': 'False', 'warn_error': 'None', 'profiles_dir': 'C:\\Users\\FERN\\.dbt', 'invocation_command': 'dbt run', 'use_colors': 'True', 'indirect_selection': 'eager', 'use_experimental_parser': 'False', 'log_path': 'logs'}
[0m20:03:57.793734 [error] [MainThread]: Encountered an error:
Runtime Error
  No dbt_project.yml found at expected path C:\Users\FERN\Documents\Study\dbt\s606\course\dbt_project.yml
  Verify that each entry within packages.yml (and their transitive dependencies) contains a file named dbt_project.yml
  
[0m20:03:57.794920 [debug] [MainThread]: Command `dbt run` failed at 20:03:57.794555 after 0.15 seconds
[0m20:03:57.795417 [debug] [MainThread]: Sending event: {'category': 'dbt', 'action': 'invocation', 'label': 'end', 'context': [<snowplow_tracker.self_describing_json.SelfDescribingJson object at 0x000002C4199AEEA0>, <snowplow_tracker.self_describing_json.SelfDescribingJson object at 0x000002C419B104D0>, <snowplow_tracker.self_describing_json.SelfDescribingJson object at 0x000002C41991ACF0>]}
[0m20:03:57.795807 [debug] [MainThread]: Flushing usage events
[0m20:03:59.182020 [debug] [MainThread]: An error was encountered while trying to flush usage events
